<?xml version="1.0" encoding="UTF-8"?>
<testsuites name="jest tests" tests="1" failures="1" errors="0" time="11.973">
  <testsuite name="Function" errors="0" failures="1" skipped="0" timestamp="2022-10-09T14:11:58" time="11.918" tests="1">
    <testcase classname="Function should create a new Function" name="Function should create a new Function" time="10.792">
      <failure>Error: Error creating file: Error: ENOENT: no such file or directory, open &apos;../functions/myFunction.js&apos;
    at Object.createEdgeFunctions (/Users/olivmath/dev/olivmath/azion/sdk/src/models/EdgeFunction.model.ts:23:15)
    at /Users/olivmath/dev/olivmath/azion/sdk/tests/EdgeFunction.test.ts:6:38
    at Generator.next (&lt;anonymous&gt;)
    at fulfilled (/Users/olivmath/dev/olivmath/azion/sdk/tests/EdgeFunction.test.ts:5:58)
    at processTicksAndRejections (node:internal/process/task_queues:96:5)</failure>
    </testcase>
  </testsuite>
</testsuites>